=== Finance AR Debug Log: 2026-03-05 14:09:11 ===
[2026-03-05 14:09:18.344] INFO: Received 3 charger updates
[2026-03-05 14:09:18.440] INFO: Created charger marker at (0.93, -0.52) - reserved
[2026-03-05 14:09:18.471] INFO: Created charger marker at (-0.11, 0.17) - available
[2026-03-05 14:09:18.519] INFO: Created charger marker at (-0.03, -0.66) - in_use
[2026-03-05 14:09:18.549] INFO: Received 3 charger updates
[2026-03-05 14:09:18.645] INFO: Created charger marker at (-0.91, 0.81) - in_use
[2026-03-05 14:09:18.694] INFO: Created charger marker at (1.38, 0.10) - in_use
[2026-03-05 14:09:19.732] INFO: Created charger marker at (1.19, -0.73) - reserved
[2026-03-05 14:09:19.746] INFO: Received 3 charger updates
[2026-03-05 14:09:19.761] INFO: Created charger marker at (-0.25, 0.41) - reserved
[2026-03-05 14:09:19.780] INFO: Created charger marker at (1.31, -0.13) - available
[2026-03-05 14:09:19.800] INFO: Created charger marker at (-2.09, -0.25) - in_use
[2026-03-05 14:09:32.799] INFO: Received 3 charger updates
[2026-03-05 14:09:32.813] INFO: Created charger marker at (-2.09, 0.12) - offline
[2026-03-05 14:09:32.828] INFO: Created charger marker at (-1.31, 1.04) - in_use
[2026-03-05 14:09:32.848] INFO: Created charger marker at (0.54, 0.88) - reserved
[2026-03-05 14:20:45.865] INFO: AR SESSION ENDED
[2026-03-05 14:21:29.871] INFO: Data generated: 180 bars. Last price=$163182, Vol30=57.6%
[2026-03-05 14:21:31.767] INFO: AR SESSION STARTED
[2026-03-05 14:21:31.787] INFO: Floor detected headY=-0.007 -> floorY=-1.607
[2026-03-05 14:21:31.815] INFO: Building finance AR scene...
[2026-03-05 14:21:31.879] INFO: Floor charts built.
[2026-03-05 14:21:31.895] INFO: 3D charts built.
[2026-03-05 14:21:31.907] INFO: Control panel built.
[2026-03-05 14:21:31.920] INFO: Switched to Mode 0: Price Analysis
[2026-03-05 14:21:31.936] INFO: Scene build complete.
[2026-03-05 14:21:53.513] INFO: Switched to Mode 1: Technical Indicators
[2026-03-05 14:22:02.241] INFO: Switched to Mode 2: Volatility Analysis
[2026-03-05 14:22:05.045] INFO: Switched to Mode 1: Technical Indicators
[2026-03-05 14:23:35.988] INFO: Switched to Mode 2: Volatility Analysis
[2026-03-05 14:23:38.539] INFO: Switched to Mode 1: Technical Indicators
[2026-03-05 14:23:39.944] INFO: Switched to Mode 0: Price Analysis
[2026-03-05 14:23:45.067] INFO: Switched to Mode 1: Technical Indicators
[2026-03-05 14:23:46.119] INFO: Switched to Mode 2: Volatility Analysis
[2026-03-05 14:23:48.122] INFO: Switched to Mode 0: Price Analysis
[2026-03-05 14:24:18.293] INFO: Switched to Mode 2: Volatility Analysis
[2026-03-05 14:24:19.813] INFO: Switched to Mode 1: Technical Indicators
[2026-03-05 14:26:35.531] INFO: Switched to Mode 2: Volatility Analysis
[2026-03-05 14:26:39.176] INFO: Switched to Mode 0: Price Analysis
[2026-03-05 14:26:57.548] INFO: Switched to Mode 1: Technical Indicators
[2026-03-05 22:06:44.430] INFO: AR SESSION STARTED
