=== AR Debug Log Started: 2026-03-08 11:43:18 ===
[2026-03-08 11:44:28.559] INFO: === AR SESSION STARTING ===
[2026-03-08 11:44:34.701] INFO: floorDetected=true, floorY=-1.572
[2026-03-08 11:44:34.718] INFO: Starting London map load...
[2026-03-08 11:44:34.871] INFO: Fetching sample_campus_map.geojson...
[2026-03-08 11:44:34.892] INFO: AR SESSION STARTED
[2026-03-08 11:44:34.939] INFO: Called from:     at detectFloor (https://10.201.149.243:8443/trajectory_6modes.html:304:21)
[2026-03-08 11:44:35.066] INFO: GeoJSON fetch complete, parsing...
[2026-03-08 11:44:35.081] INFO: GeoJSON parsed, creating texture...
[2026-03-08 11:44:35.100] INFO: Texture created, placing map...
[2026-03-08 11:44:35.117] INFO: London map placed at (0, -1.571, 0). floorY=-1.572
[2026-03-08 11:44:35.727] INFO: Building control panel...
[2026-03-08 11:44:35.876] INFO: Showing Mode 0 robot...
[2026-03-08 11:44:35.897] INFO: showMode0Robot called
[2026-03-08 11:44:35.920] INFO: Building procedural robot...
[2026-03-08 11:44:35.934] INFO: Robot created at (0, -1.531, 0), rotation: -90°. floorY=-1.572
[2026-03-08 11:44:35.948] INFO: Robot added to scene and visible
[2026-03-08 11:44:36.114] WARN: Map should be on floor. If floating at head level, check AR reference space!
[2026-03-08 11:44:36.132] INFO: GeoJSON map loaded successfully!
[2026-03-08 11:44:36.490] INFO: Building 3D chart...
[2026-03-08 11:44:48.549] INFO: AR SESSION ENDED
